// Jest Snapshot v1, https://goo.gl/fbAQLP

exports[`should render ExpenseList with expenses 1`] = `
<div>
  <h1>
     ExpenseList 
  </h1>
  3
  <ExpenseListItem
    amount={195}
    createdAt={0}
    description="gum"
    id="1"
    key="1"
    note=""
  />
  <ExpenseListItem
    amount={195000}
    createdAt={-345600000}
    description="ramen"
    id="2"
    key="2"
    note=""
  />
  <ExpenseListItem
    amount={5000}
    createdAt={345600000}
    description="credit card"
    id="3"
    key="3"
    note=""
  />
</div>
`;
